      January 2007               February 2007               March 2007        
Wk  Mo Tu We Th Fr Sa Su   Wk  Mo Tu We Th Fr Sa Su   Wk  Mo Tu We Th Fr Sa Su 
[32m01  [0m[31m01 [0m02 03 04 05 [31m06 [0m07   [32m05  [0m         01 02 03 04   [32m09  [0m         01 02 03 04 
[32m02  [0m08 09 10 11 12 13 14   [32m06  [0m05 06 07 08 09 10 11   [32m10  [0m05 06 07 08 09 10 11 
[32m03  [0m15 16 17 18 19 20 21   [32m07  [0m[33m12 [0m13 14 15 16 17 18   [32m11  [0m12 13 14 15 16 17 18 
[32m04  [0m22 23 24 25 26 27 28   [32m08  [0m19 20 21 22 23 24 25   [32m12  [0m19 20 21 22 23 24 [33m25 [0m
[32m05  [0m29 30 31               [32m09  [0m26 27 28               [32m13  [0m26 27 28 29 30 31    

       April 2007                  May 2007                   June 2007        
Wk  Mo Tu We Th Fr Sa Su   Wk  Mo Tu We Th Fr Sa Su   Wk  Mo Tu We Th Fr Sa Su 
[32m13  [0m                  01   [32m18  [0m   [31m01 [0m02 03 04 05 06   [32m22  [0m            01 02 03 
[32m14  [0m02 03 04 05 [31m06 [0m[31m07 [0m[31m08 [0m  [32m19  [0m07 08 09 10 11 12 [33m13 [0m  [32m23  [0m04 05 06 07 08 09 10 
[32m15  [0m[31m09 [0m10 11 12 13 [33m14 [0m15   [32m20  [0m14 15 16 [31m17 [0m18 19 20   [32m24  [0m11 12 13 14 15 16 17 
[32m16  [0m16 17 18 19 20 21 22   [32m21  [0m21 22 23 24 25 26 27   [32m25  [0m18 19 20 21 [31m22 [0m[31m23 [0m24 
[32m17  [0m23 24 25 26 27 28 29   [32m22  [0m28 29 30 31            [32m26  [0m25 26 27 28 29 30    
[32m18  [0m30                                                                         

        July 2007                 August 2007              September 2007      
Wk  Mo Tu We Th Fr Sa Su   Wk  Mo Tu We Th Fr Sa Su   Wk  Mo Tu We Th Fr Sa Su 
[32m26  [0m                  01   [32m31  [0m      01 [33m02 [0m03 04 05   [32m35  [0m               01 02 
[32m27  [0m02 03 04 05 06 07 08   [32m32  [0m06 07 [33m08 [0m09 10 11 12   [32m36  [0m03 04 05 06 07 08 09 
[32m28  [0m09 10 11 12 13 14 15   [32m33  [0m13 14 15 16 17 18 19   [32m37  [0m10 11 12 13 14 15 16 
[32m29  [0m16 17 18 19 20 21 22   [32m34  [0m20 21 22 23 24 25 26   [32m38  [0m17 18 19 20 21 22 23 
[32m30  [0m23 24 25 26 27 28 29   [32m35  [0m27 28 29 30 31         [32m39  [0m24 25 26 27 28 29 30 
[32m31  [0m30 31                                                                      

      October 2007               November 2007              December 2007      
Wk  Mo Tu We Th Fr Sa Su   Wk  Mo Tu We Th Fr Sa Su   Wk  Mo Tu We Th Fr Sa Su 
[32m40  [0m01 02 03 04 05 06 07   [32m44  [0m         01 02 [31m03 [0m04   [32m48  [0m               01 02 
[32m41  [0m08 09 10 11 12 13 14   [32m45  [0m05 06 07 08 09 10 [33m11 [0m  [32m49  [0m03 04 05 [31m06 [0m07 08 09 
[32m42  [0m15 16 17 18 19 20 21   [32m46  [0m12 13 14 15 16 17 18   [32m50  [0m10 11 [33m12 [0m13 14 15 16 
[32m43  [0m22 23 [33m24 [0m25 26 27 [33m28 [0m  [32m47  [0m19 20 21 22 23 24 25   [32m51  [0m17 18 19 20 21 22 23 
[32m44  [0m29 30 31               [32m48  [0m26 27 28 29 30         [32m52  [0m[31m24 [0m[31m25 [0m[31m26 [0m27 28 29 30 
                                                      [32m01  [0m31                   

