      October 1995               November 1995              December 1995      
Wk  Mo Tu We Th Fr Sa Su   Wk  Mo Tu We Th Fr Sa Su   Wk  Mo Tu We Th Fr Sa Su 
[32m39  [0m                  01   [32m44  [0m      01 02 03 [31m04 [0m05   [32m48  [0m            01 02 03 
[32m40  [0m02 03 04 05 06 07 08   [32m45  [0m06 07 08 09 10 11 [33m12 [0m  [32m49  [0m04 05 [31m06 [0m07 08 09 10 
[32m41  [0m09 10 11 12 13 14 15   [32m46  [0m13 14 15 16 17 18 19   [32m50  [0m11 12 13 14 15 16 17 
[32m42  [0m16 17 18 19 20 21 22   [32m47  [0m20 21 22 23 24 25 26   [32m51  [0m18 19 20 21 22 23 [31m24 [0m
[32m43  [0m23 24 25 26 27 28 [33m29 [0m  [32m48  [0m27 28 29 30            [32m52  [0m[31m25 [0m[31m26 [0m27 28 29 30 31 
[32m44  [0m30 31                                                                      

      January 1996               February 1996      
Wk  Mo Tu We Th Fr Sa Su   Wk  Mo Tu We Th Fr Sa Su 
[32m01  [0m[31m01 [0m02 03 04 05 [31m06 [0m07   [32m05  [0m         01 02 03 04 
[32m02  [0m08 09 10 11 12 13 14   [32m06  [0m05 06 07 08 09 10 11 
[32m03  [0m15 16 17 18 19 20 21   [32m07  [0m12 13 14 15 16 17 18 
[32m04  [0m22 23 24 25 26 27 28   [32m08  [0m19 20 21 22 23 24 25 
[32m05  [0m29 30 31               [32m09  [0m26 27 28 29          

