      February 2011               March 2011                 April 2011        
Wk  Mo Tu We Th Fr Sa Su   Wk  Mo Tu We Th Fr Sa Su   Wk  Mo Tu We Th Fr Sa Su 
[32m05  [0m   01 02 03 04 05 06   [32m09  [0m   01 02 03 04 05 06   [32m13  [0m            01 02 03 
[32m06  [0m07 08 09 10 11 12 13   [32m10  [0m07 08 09 10 11 12 13   [32m14  [0m04 05 06 07 08 09 10 
[32m07  [0m14 15 16 17 18 19 20   [32m11  [0m14 15 16 17 18 19 20   [32m15  [0m11 12 13 14 15 16 17 
[32m08  [0m21 22 23 24 25 26 27   [32m12  [0m21 22 23 24 25 26 [33m27 [0m  [32m16  [0m18 19 20 21 [31m22 [0m[31m23 [0m[31m24 [0m
[32m09  [0m28                     [32m13  [0m28 29 30 31            [32m17  [0m[31m25 [0m26 27 28 29 30    

        May 2011                   June 2011        
Wk  Mo Tu We Th Fr Sa Su   Wk  Mo Tu We Th Fr Sa Su 
[32m17  [0m                  [31m01 [0m  [32m22  [0m      01 [31m02 [0m03 04 05 
[32m18  [0m02 03 04 05 06 07 [33m08 [0m  [32m23  [0m06 07 08 09 10 11 12 
[32m19  [0m09 10 11 12 13 14 15   [32m24  [0m13 14 15 16 17 18 19 
[32m20  [0m16 17 18 19 20 21 22   [32m25  [0m20 21 22 23 [31m24 [0m[31m25 [0m26 
[32m21  [0m23 24 25 26 27 28 29   [32m26  [0m27 28 29 30          
[32m22  [0m30 31                                           

