       March 2013        
Wk  Mo Tu We Th Fr Sa Su 
[32m09  [0m            01 02 03 
[32m10  [0m04 05 06 07 08 09 10 
[32m11  [0m11 12 13 14 15 16 17 
[32m12  [0m18 19 20 21 22 23 24 
[32m13  [0m25 26 27 28 [31m29 [0m[31m30 [0m[31m31 [0m

