       March 2011        
Wk  Mo Tu We Th Fr Sa Su 
[32m09  [0m   01 02 03 04 05 06 
[32m10  [0m07 08 09 10 11 12 13 
[32m11  [0m14 15 16 17 18 19 20 
[32m12  [0m21 22 23 24 25 26 [33m27 [0m
[32m13  [0m28 29 30 31          

